[    1031ms] [INFO] Loading the script 'https://challenges.cloudflare.com/turnstile/v0/api.js?render=explicit' violates the following Content Security Policy directive: "script-src 'self' 'wasm-unsafe-eval' https://vercel.com https://vercel.live/". Note that 'script-src-elem' was not explicitly set, so 'script-src' is used as a fallback. The policy is report-only, so the violation has been logged but no further action has been taken. @ https://app.uniswap.org/explore/tokens/base/0x4ed4e862860bed51a9570b96d89af5e1b0efefed:0
[    1601ms] [INFO] Loading the script 'https://challenges.cloudflare.com/turnstile/v0/g/330e41bb475c/api.js' violates the following Content Security Policy directive: "script-src 'self' 'wasm-unsafe-eval' https://vercel.com https://vercel.live/". Note that 'script-src-elem' was not explicitly set, so 'script-src' is used as a fallback. The policy is report-only, so the violation has been logged but no further action has been taken. @ https://app.uniswap.org/explore/tokens/base/0x4ed4e862860bed51a9570b96d89af5e1b0efefed:0
[    3145ms] [WARNING] WARN {context: Object} Invalid call to `updateScrollLock` before calling `initializeScrollWatcher` @ https://app.uniswap.org/assets/logger-BQ-6NaER.js:1
[    3247ms] [INFO] INFO {context: Object} Session init started @ https://app.uniswap.org/assets/logger-BQ-6NaER.js:1
[    5012ms] [INFO] INFO {context: Object} RPC response {method: getBlockNumber, chainId: 1, durationMs: 1807, provider: unirpc, transport: ethers} @ https://app.uniswap.org/assets/logger-BQ-6NaER.js:1
[    5017ms] [INFO] INFO {context: Object} Session init completed {needChallenge: false, durationMs: 1770.3999999999069} @ https://app.uniswap.org/assets/logger-BQ-6NaER.js:1
[    5248ms] [INFO] Executing inline script violates the following Content Security Policy directive 'script-src 'self' 'wasm-unsafe-eval' https://vercel.com https://vercel.live/'. Either the 'unsafe-inline' keyword, a hash ('sha256-NzvNrqk5jB9YZATwo5BF4JoRlJ02HsnFikbKXgEPdaQ='), or a nonce ('nonce-...') is required to enable inline execution. The policy is report-only, so the violation has been logged but no further action has been taken. @ https://app.uniswap.org/assets/dist-BSr_XE16.js:0
[    5249ms] [ERROR] Executing inline script violates the following Content Security Policy directive 'script-src 'self' 'wasm-unsafe-eval' https://challenges.cloudflare.com'. Either the 'unsafe-inline' keyword, a hash ('sha256-NzvNrqk5jB9YZATwo5BF4JoRlJ02HsnFikbKXgEPdaQ='), or a nonce ('nonce-...') is required to enable inline execution. The action has been blocked. @ https://app.uniswap.org/assets/dist-BSr_XE16.js:0
[    5282ms] [INFO] INFO {context: Object} RPC response {method: eth_call, chainId: 1, durationMs: 1931, provider: unirpc, transport: viem} @ https://app.uniswap.org/assets/logger-BQ-6NaER.js:1
[    5284ms] [INFO] INFO {context: Object} RPC response {method: eth_blockNumber, chainId: 1, durationMs: 2039, provider: unirpc, transport: viem} @ https://app.uniswap.org/assets/logger-BQ-6NaER.js:1
[    5285ms] [INFO] INFO {context: Object} RPC response {method: eth_chainId, chainId: 1, durationMs: 1990, provider: unirpc, transport: viem} @ https://app.uniswap.org/assets/logger-BQ-6NaER.js:1
[    6723ms] [ERROR] Failed to load resource: the server responded with a status of 503 () @ https://entry-gateway.backend-prod.api.uniswap.org/data.v2.DataApiService/GetTokenMarkets:0
[    8216ms] [LOG] %cWarning! color:#F16552; font-size:50px; font-weight: bold; -webkit-text-stroke: 1px black; @ https://privy.app.uniswap.org/_next/static/chunks/pages/apps/%5Bapp_id%5D/embedded-wallets-fac98ddfbcd368dd.js?dpl=dpl_HuPKvZ74MKns5Z9u2hCTKEe3T2Ld:0
[    8217ms] [LOG] %cYou are reading this message because you opened the browser console, a developer tool. Do not enter or paste code you do not understand. Never share your tokens or any other info with anyone. If someone told you to do this, it is very likely a scam. font-size: 18px; @ https://privy.app.uniswap.org/_next/static/chunks/pages/apps/%5Bapp_id%5D/embedded-wallets-fac98ddfbcd368dd.js?dpl=dpl_HuPKvZ74MKns5Z9u2hCTKEe3T2Ld:0
[   16573ms] [INFO] INFO {context: Object} RPC response {method: call, chainId: 8453, durationMs: 10593, provider: unirpc, transport: ethers} @ https://app.uniswap.org/assets/logger-BQ-6NaER.js:1
[   19343ms] [INFO] INFO {context: Object} RPC response {method: eth_blockNumber, chainId: 8453, durationMs: 13318, provider: unirpc, transport: viem} @ https://app.uniswap.org/assets/logger-BQ-6NaER.js:1
[   19343ms] [INFO] INFO {context: Object} RPC response {method: eth_chainId, chainId: 8453, durationMs: 13262, provider: unirpc, transport: viem} @ https://app.uniswap.org/assets/logger-BQ-6NaER.js:1
[   22637ms] [INFO] INFO {context: Object} RPC response {method: eth_blockNumber, chainId: 8453, durationMs: 723, provider: unirpc, transport: viem} @ https://app.uniswap.org/assets/logger-BQ-6NaER.js:1
[   22638ms] [INFO] INFO {context: Object} RPC response {method: eth_chainId, chainId: 8453, durationMs: 723, provider: unirpc, transport: viem} @ https://app.uniswap.org/assets/logger-BQ-6NaER.js:1
[   27060ms] [INFO] INFO {context: Object} RPC response {method: eth_blockNumber, chainId: 8453, durationMs: 1146, provider: unirpc, transport: viem} @ https://app.uniswap.org/assets/logger-BQ-6NaER.js:1
[   27060ms] [INFO] INFO {context: Object} RPC response {method: eth_chainId, chainId: 8453, durationMs: 1138, provider: unirpc, transport: viem} @ https://app.uniswap.org/assets/logger-BQ-6NaER.js:1
[   30160ms] [INFO] INFO {context: Object} RPC response {method: eth_blockNumber, chainId: 8453, durationMs: 244, provider: unirpc, transport: viem} @ https://app.uniswap.org/assets/logger-BQ-6NaER.js:1
[   30837ms] [INFO] INFO {context: Object} RPC response {method: eth_chainId, chainId: 8453, durationMs: 915, provider: unirpc, transport: viem} @ https://app.uniswap.org/assets/logger-BQ-6NaER.js:1
[   34151ms] [INFO] INFO {context: Object} RPC response {method: eth_blockNumber, chainId: 8453, durationMs: 235, provider: unirpc, transport: viem} @ https://app.uniswap.org/assets/logger-BQ-6NaER.js:1
[   34377ms] [INFO] INFO {context: Object} RPC response {method: eth_chainId, chainId: 8453, durationMs: 454, provider: unirpc, transport: viem} @ https://app.uniswap.org/assets/logger-BQ-6NaER.js:1
