[    5166ms] [ERROR] Failed to load resource: the server responded with a status of 403 () @ https://birdeye.so/solana/trackers?_rsc=c0q3n:0
[    5170ms] [ERROR] Failed to load resource: the server responded with a status of 403 () @ https://birdeye.so/solana/supercharts/So11111111111111111111111111111111111111112?_rsc=c0q3n:0
[    5511ms] [LOG] [Ws Open]:============================== @ https://birdeye.so/_next/static/chunks/39080-81d9c34e03997a2f.js:18
[    6037ms] [ERROR] Failed to load resource: the server responded with a status of 404 () @ https://birdeye.so/_next/static/chunks/https:/demo-bds.birdeye.so/_next/static/chunks/0~wyslc740~_9.js?dpl=dpl_5osJHkmQqCNsHQuMHVMVz1PjUxaj.undefined.js:0
[    6083ms] [ERROR] Failed to load resource: the server responded with a status of 404 () @ https://birdeye.so/_next/static/chunks/https:/demo-bds.birdeye.so/_next/static/chunks/039ssfr0n3hjs.js?dpl=dpl_5osJHkmQqCNsHQuMHVMVz1PjUxaj.undefined.js:0
[    6098ms] [ERROR] Failed to load resource: the server responded with a status of 404 () @ https://birdeye.so/_next/https:/demo-bds.birdeye.so/_next/static/chunks/11fri_ye9~17x.js?dpl=dpl_5osJHkmQqCNsHQuMHVMVz1PjUxaj:0
[    6104ms] [ERROR] Failed to load resource: the server responded with a status of 404 () @ https://birdeye.so/_next/https:/demo-bds.birdeye.so/_next/static/chunks/08e78k5s_xc14.js?dpl=dpl_5osJHkmQqCNsHQuMHVMVz1PjUxaj:0
[    6171ms] [ERROR] Failed to load resource: the server responded with a status of 404 () @ https://birdeye.so/_next/https:/demo-bds.birdeye.so/_next/static/chunks/0vd5y4uemciq3.js?dpl=dpl_5osJHkmQqCNsHQuMHVMVz1PjUxaj:0
[    6172ms] [ERROR] Failed to load resource: the server responded with a status of 404 () @ https://birdeye.so/_next/https:/demo-bds.birdeye.so/_next/static/chunks/16ix~bh03o.4t.js?dpl=dpl_5osJHkmQqCNsHQuMHVMVz1PjUxaj:0
[    6173ms] [ERROR] Failed to fetch RSC payload for https://birdeye.so/data-api. Falling back to browser navigation. ChunkLoadError: Loading chunk https://demo-bds.birdeye.so/_next/static/chunks/1871wnc3ur54n.js?dpl=dpl_5osJHkmQqCNsHQuMHVMVz1PjUxaj failed.
(error: https://birdeye.so/_next/https://demo-bds.birdeye.so/_next/static/chunks/16ix~bh03o.4t.js?dpl=dpl_5osJHkmQqCNsHQuMHVMVz1PjUxaj)
    at h.f.j (https://birdeye.so/_next/static/chunks/webpack-14d1b40d51ba459c.js:1:12058)
    at https://birdeye.so/_next/static/chunks/webpack-14d1b40d51ba459c.js:1:1826
    at Array.reduce (<anonymous>)
    at h.e (https://birdeye.so/_next/static/chunks/webpack-14d1b40d51ba459c.js:1:1792)
    at https://birdeye.so/_next/static/chunks/39080-81d9c34e03997a2f.js:2:71446
    at https://birdeye.so/_next/static/chunks/39080-81d9c34e03997a2f.js:2:71648
    at t (https://birdeye.so/_next/static/chunks/39080-81d9c34e03997a2f.js:2:71851) @ https://birdeye.so/_next/static/chunks/39080-81d9c34e03997a2f.js:18
[    6174ms] [ERROR] Failed to load resource: the server responded with a status of 404 () @ https://birdeye.so/_next/https:/demo-bds.birdeye.so/_next/static/chunks/15x4fp~w90gvz.js?dpl=dpl_5osJHkmQqCNsHQuMHVMVz1PjUxaj:0
[    8105ms] [WARNING] 2026-09-20T10:40:15.729Z:Property:The state with a data type: unknown does not match a schema @ https://birdeye.so/static/charting_library/bundles/library.022b0cac58461bba6f17.js:815
[    8146ms] [WARNING] 2026-09-20T10:40:15.770Z:Property:The state with a data type: object does not match a schema @ https://birdeye.so/static/charting_library/bundles/library.022b0cac58461bba6f17.js:815
[    9220ms] [INFO] [subscribeBars]: Method call with subscribe G9QZfEPHtZrUF1arcUFvZgYn6zSQLZdvcjCuyhKrpump_#_Stryker_#_15 @ https://birdeye.so/_next/static/chunks/39080-81d9c34e03997a2f.js:18
[   14599ms] [WARNING] The resource https://demo-bds.birdeye.so/_next/static/media/Indivisible_SemiBold-s.p.06~j19ka7-_4_.woff2?dpl=dpl_5osJHkmQqCNsHQuMHVMVz1PjUxaj was preloaded using link preload but not used within a few seconds from the window's load event. Please make sure it has an appropriate `as` value and it is preloaded intentionally. @ https://birdeye.so/solana/token/G9QZfEPHtZrUF1arcUFvZgYn6zSQLZdvcjCuyhKrpump?tab=trades&trades_layout=table:0
[   14600ms] [WARNING] The resource https://demo-bds.birdeye.so/_next/static/media/Indivisible_Black-s.p.0n.02_hgkdi8s.woff2?dpl=dpl_5osJHkmQqCNsHQuMHVMVz1PjUxaj was preloaded using link preload but not used within a few seconds from the window's load event. Please make sure it has an appropriate `as` value and it is preloaded intentionally. @ https://birdeye.so/solana/token/G9QZfEPHtZrUF1arcUFvZgYn6zSQLZdvcjCuyhKrpump?tab=trades&trades_layout=table:0
[   14600ms] [WARNING] The resource https://demo-bds.birdeye.so/_next/static/media/caa3a2e1cccd8315-s.p.09~u27dqhyhd6.woff2?dpl=dpl_5osJHkmQqCNsHQuMHVMVz1PjUxaj was preloaded using link preload but not used within a few seconds from the window's load event. Please make sure it has an appropriate `as` value and it is preloaded intentionally. @ https://birdeye.so/solana/token/G9QZfEPHtZrUF1arcUFvZgYn6zSQLZdvcjCuyhKrpump?tab=trades&trades_layout=table:0
[   14600ms] [WARNING] The resource https://demo-bds.birdeye.so/_next/static/media/Indivisible_Regular-s.p.13le9k~6fwbxs.woff2?dpl=dpl_5osJHkmQqCNsHQuMHVMVz1PjUxaj was preloaded using link preload but not used within a few seconds from the window's load event. Please make sure it has an appropriate `as` value and it is preloaded intentionally. @ https://birdeye.so/solana/token/G9QZfEPHtZrUF1arcUFvZgYn6zSQLZdvcjCuyhKrpump?tab=trades&trades_layout=table:0
[   14600ms] [WARNING] The resource https://demo-bds.birdeye.so/_next/static/media/70bc3e132a0a741e-s.p.1409xf.ylxg8g.woff2?dpl=dpl_5osJHkmQqCNsHQuMHVMVz1PjUxaj was preloaded using link preload but not used within a few seconds from the window's load event. Please make sure it has an appropriate `as` value and it is preloaded intentionally. @ https://birdeye.so/solana/token/G9QZfEPHtZrUF1arcUFvZgYn6zSQLZdvcjCuyhKrpump?tab=trades&trades_layout=table:0
[   14600ms] [WARNING] The resource https://demo-bds.birdeye.so/_next/static/media/Indivisible_Bold-s.p.0lnyp7u4b.jck.woff2?dpl=dpl_5osJHkmQqCNsHQuMHVMVz1PjUxaj was preloaded using link preload but not used within a few seconds from the window's load event. Please make sure it has an appropriate `as` value and it is preloaded intentionally. @ https://birdeye.so/solana/token/G9QZfEPHtZrUF1arcUFvZgYn6zSQLZdvcjCuyhKrpump?tab=trades&trades_layout=table:0
[   14600ms] [WARNING] The resource https://demo-bds.birdeye.so/_next/static/media/Indivisible_Medium-s.p.0hdj0ez_e0it_.woff2?dpl=dpl_5osJHkmQqCNsHQuMHVMVz1PjUxaj was preloaded using link preload but not used within a few seconds from the window's load event. Please make sure it has an appropriate `as` value and it is preloaded intentionally. @ https://birdeye.so/solana/token/G9QZfEPHtZrUF1arcUFvZgYn6zSQLZdvcjCuyhKrpump?tab=trades&trades_layout=table:0
[   14600ms] [WARNING] The resource https://demo-bds.birdeye.so/_next/static/chunks/0apth972.60uf.css?dpl=dpl_5osJHkmQqCNsHQuMHVMVz1PjUxaj was preloaded using link preload but not used within a few seconds from the window's load event. Please make sure it has an appropriate `as` value and it is preloaded intentionally. @ https://birdeye.so/solana/token/G9QZfEPHtZrUF1arcUFvZgYn6zSQLZdvcjCuyhKrpump?tab=trades&trades_layout=table:0
[   14600ms] [WARNING] The resource https://demo-bds.birdeye.so/_next/static/chunks/00dx-203-ub47.css?dpl=dpl_5osJHkmQqCNsHQuMHVMVz1PjUxaj was preloaded using link preload but not used within a few seconds from the window's load event. Please make sure it has an appropriate `as` value and it is preloaded intentionally. @ https://birdeye.so/solana/token/G9QZfEPHtZrUF1arcUFvZgYn6zSQLZdvcjCuyhKrpump?tab=trades&trades_layout=table:0
