[    5287ms] [ERROR] Failed to load resource: the server responded with a status of 429 () @ https://base.meowrpc.com/:0
[    5700ms] [ERROR] Failed to load resource: the server responded with a status of 404 () @ https://proofs.pancakeswap.com/cms/swap-banner-config.json?t=1789900960:0
[    9812ms] [ERROR] Failed to load resource: net::ERR_QUIC_PROTOCOL_ERROR.QUIC_NETWORK_IDLE_TIMEOUT @ https://tokens.coingecko.com/binance-smart-chain/all.json:0
[    9813ms] [WARNING] Failed to download or validate list from https://tokens.coingecko.com/binance-smart-chain/all.json: TypeError: Failed to fetch
    at https://pancakeswap.finance/_next/static/chunks/pages/_app-425131b9e2add61c.js:1918:18220
    at https://pancakeswap.finance/_next/static/chunks/pages/_app-425131b9e2add61c.js:1918:38816
    at Generator.next (<anonymous>)
    at https://pancakeswap.finance/_next/static/chunks/pages/_app-425131b9e2add61c.js:941:46027
    at new Promise (<anonymous>)
    at p (https://pancakeswap.finance/_next/static/chunks/pages/_app-425131b9e2add61c.js:941:45847)
    at https://pancakeswap.finance/_next/static/chunks/pages/_app-425131b9e2add61c.js:1918:38781
    at https://pancakeswap.finance/_next/static/chunks/pages/_app-425131b9e2add61c.js:1918:38889
    at Generator.next (<anonymous>)
    at a (https://pancakeswap.finance/_next/static/chunks/pages/_app-425131b9e2add61c.js:941:45885) @ https://pancakeswap.finance/_next/static/chunks/pages/_app-425131b9e2add61c.js:1917
[    9813ms] [WARNING] Failed to get list at url https://tokens.coingecko.com/binance-smart-chain/all.json Error: Token list not found
    at https://pancakeswap.finance/_next/static/chunks/pages/_app-425131b9e2add61c.js:1918:47794 @ https://pancakeswap.finance/_next/static/chunks/pages/_app-425131b9e2add61c.js:1917
[   15335ms] [ERROR] Failed to load resource: the server responded with a status of 404 () @ https://proofs.pancakeswap.com/cms/swap-banner-config.json?t=1789900970:0
[   15766ms] [ERROR] [PrivyWalletAddress] ⚠️ Loading timeout after 10.13 seconds! @ https://pancakeswap.finance/_next/static/chunks/pages/_app-425131b9e2add61c.js:1917
[   15766ms] [ERROR] [PrivyWalletAddress] Forcing error state to prevent infinite loading @ https://pancakeswap.finance/_next/static/chunks/pages/_app-425131b9e2add61c.js:1917
[   15766ms] [ERROR] [PrivyWalletAddress] ⚠️ Loading timeout after 10.13 seconds! @ https://pancakeswap.finance/_next/static/chunks/pages/_app-425131b9e2add61c.js:1917
[   15766ms] [ERROR] [PrivyWalletAddress] Forcing error state to prevent infinite loading @ https://pancakeswap.finance/_next/static/chunks/pages/_app-425131b9e2add61c.js:1917
[   25342ms] [ERROR] Failed to load resource: the server responded with a status of 404 () @ https://proofs.pancakeswap.com/cms/swap-banner-config.json?t=1789900980:0
